// Jest Snapshot v1, https://goo.gl/fbAQLP

exports[`<Home /> with no props should match the snapshot 1`] = `"<div class=\\"home-container\\"><div class=\\"card shadow banner\\"><img alt=\\"Logo\\" src=\\"Logo.svg\\"></div><div class=\\"card shadow p-4 body-card\\"><div class=\\"input-group mb-3\\"><div class=\\"input-group-prepend\\"><span class=\\"input-group-text pre-noback\\"><i class=\\"fa fa-xs fa-search\\"></i></span></div><input id=\\"search\\" type=\\"text\\" class=\\"form-control\\" placeholder=\\"Search for movies, tv shows, people...\\" aria-label=\\"Search for movies, tv shows, people...\\" aria-describedby=\\"basic-addon2\\"><div class=\\"input-group-append\\"><button class=\\"btn btn-outline-secondary searchBtn\\" type=\\"button\\">Search</button></div></div><div class=\\"mb-3\\"><button type=\\"button\\" class=\\"btn btn-outline-secondary btn-sm mr-3 pr-3 pl-3 selected\\">All</button><button type=\\"button\\" class=\\"btn btn-outline-secondary btn-sm mr-3 pr-3 pl-3\\">Movies</button><button type=\\"button\\" class=\\"btn btn-outline-secondary btn-sm mr-3 pr-3 pl-3\\">TV Shows</button><button type=\\"button\\" class=\\"btn btn-outline-secondary btn-sm mr-3 pr-3 pl-3\\">People</button></div><h6>No Data Found</h6></div></div>"`;
